
*** Running vivado
    with args -log space_invaders.vds -m64 -product Vivado -mode batch -messageDb vivado.pb -notrace -source space_invaders.tcl



****** Vivado v2024.2 (64-bit)
  **** SW Build 5239630 on Fri Nov 08 22:35:27 MST 2024
  **** IP Build 5239520 on Sun Nov 10 16:12:51 MST 2024
  **** SharedData Build 5239561 on Fri Nov 08 14:39:27 MST 2024
  **** Start of session at: Thu Apr 24 18:11:05 2025
    ** Copyright 1986-2022 Xilinx, Inc. All Rights Reserved.
    ** Copyright 2022-2024 Advanced Micro Devices, Inc. All Rights Reserved.

source space_invaders.tcl -notrace
Command: read_checkpoint -auto_incremental -incremental {C:/Digital Systems/Project/Vivado/finale_project_Afolabi_okereke/finale_project_Afolabi_okereke.srcs/utils_1/imports/synth_1/space_invaders.dcp}
INFO: [Vivado 12-5825] Read reference checkpoint from C:/Digital Systems/Project/Vivado/finale_project_Afolabi_okereke/finale_project_Afolabi_okereke.srcs/utils_1/imports/synth_1/space_invaders.dcp for incremental synthesis
INFO: [Vivado 12-7989] Please ensure there are no constraint changes
Command: synth_design -top space_invaders -part xc7a100tcsg324-1
Starting synth_design
Attempting to get a license for feature 'Synthesis' and/or device 'xc7a100t'
INFO: [Common 17-349] Got license for feature 'Synthesis' and/or device 'xc7a100t'
INFO: [Device 21-403] Loading part xc7a100tcsg324-1
INFO: [Designutils 20-5440] No compile time benefit to using incremental synthesis; A full resynthesis will be run
INFO: [Designutils 20-4379] Flow is switching to default flow due to incremental criteria not met. If you would like to alter this behaviour and have the flow terminate instead, please set the following parameter config_implementation {autoIncr.Synth.RejectBehavior Terminate}
INFO: [Synth 8-7079] Multithreading enabled for synth_design using a maximum of 2 processes.
INFO: [Synth 8-7078] Launching helper process for spawning children vivado processes
INFO: [Synth 8-7075] Helper process launched with PID 56076
---------------------------------------------------------------------------------
Starting RTL Elaboration : Time (s): cpu = 00:00:05 ; elapsed = 00:00:06 . Memory (MB): peak = 1029.934 ; gain = 469.047
---------------------------------------------------------------------------------
WARNING: [Synth 8-9112] actual for formal port 'red_in' is neither a static name nor a globally static expression [C:/Digital Systems/Project/Vivado/New folder/space_invaders.vhd:120]
WARNING: [Synth 8-9112] actual for formal port 'green_in' is neither a static name nor a globally static expression [C:/Digital Systems/Project/Vivado/New folder/space_invaders.vhd:121]
WARNING: [Synth 8-9112] actual for formal port 'blue_in' is neither a static name nor a globally static expression [C:/Digital Systems/Project/Vivado/New folder/space_invaders.vhd:122]
INFO: [Synth 8-638] synthesizing module 'space_invaders' [C:/Digital Systems/Project/Vivado/New folder/space_invaders.vhd:24]
INFO: [Synth 8-3491] module 'ship_n_laser' declared at 'C:/Digital Systems/Project/Vivado/New folder/ship_n_laser.vhd:7' bound to instance 'add_sl' of component 'ship_n_laser' [C:/Digital Systems/Project/Vivado/New folder/space_invaders.vhd:102]
INFO: [Synth 8-638] synthesizing module 'ship_n_laser' [C:/Digital Systems/Project/Vivado/New folder/ship_n_laser.vhd:23]
WARNING: [Synth 8-614] signal 'flash_on' is read in the process but is not in the sensitivity list [C:/Digital Systems/Project/Vivado/New folder/ship_n_laser.vhd:308]
WARNING: [Synth 8-614] signal 'lives_label' is read in the process but is not in the sensitivity list [C:/Digital Systems/Project/Vivado/New folder/ship_n_laser.vhd:308]
INFO: [Synth 8-256] done synthesizing module 'ship_n_laser' (0#1) [C:/Digital Systems/Project/Vivado/New folder/ship_n_laser.vhd:23]
INFO: [Synth 8-3491] module 'vga_sync' declared at 'C:/Digital Systems/Project/Vivado/New folder/vga_sync.vhd:5' bound to instance 'vga_driver' of component 'vga_sync' [C:/Digital Systems/Project/Vivado/New folder/space_invaders.vhd:117]
INFO: [Synth 8-638] synthesizing module 'vga_sync' [C:/Digital Systems/Project/Vivado/New folder/vga_sync.vhd:21]
INFO: [Synth 8-256] done synthesizing module 'vga_sync' (0#1) [C:/Digital Systems/Project/Vivado/New folder/vga_sync.vhd:21]
INFO: [Synth 8-3491] module 'clk_wiz_0' declared at 'C:/Digital Systems/Project/Vivado/New folder/clk_wiz_0.vhd:11' bound to instance 'clk_wiz_0_inst' of component 'clk_wiz_0' [C:/Digital Systems/Project/Vivado/New folder/space_invaders.vhd:133]
INFO: [Synth 8-638] synthesizing module 'clk_wiz_0' [C:/Digital Systems/Project/Vivado/New folder/clk_wiz_0.vhd:20]
INFO: [Synth 8-3491] module 'clk_wiz_0_clk_wiz' declared at 'C:/Digital Systems/Project/Vivado/New folder/clk_wiz_0_clk_wiz.vhd:63' bound to instance 'U0' of component 'clk_wiz_0_clk_wiz' [C:/Digital Systems/Project/Vivado/New folder/clk_wiz_0.vhd:35]
INFO: [Synth 8-638] synthesizing module 'clk_wiz_0_clk_wiz' [C:/Digital Systems/Project/Vivado/New folder/clk_wiz_0_clk_wiz.vhd:72]
	Parameter BANDWIDTH bound to: OPTIMIZED - type: string 
	Parameter CLKFBOUT_MULT_F bound to: 10.125000 - type: double 
	Parameter CLKFBOUT_PHASE bound to: 0.000000 - type: double 
	Parameter CLKFBOUT_USE_FINE_PS bound to: 0 - type: bool 
	Parameter CLKIN1_PERIOD bound to: 10.000000 - type: double 
	Parameter CLKOUT0_DIVIDE_F bound to: 25.250000 - type: double 
	Parameter CLKOUT0_DUTY_CYCLE bound to: 0.500000 - type: double 
	Parameter CLKOUT0_PHASE bound to: 0.000000 - type: double 
	Parameter CLKOUT0_USE_FINE_PS bound to: 0 - type: bool 
	Parameter CLKOUT4_CASCADE bound to: 0 - type: bool 
	Parameter COMPENSATION bound to: ZHOLD - type: string 
	Parameter DIVCLK_DIVIDE bound to: 1 - type: integer 
	Parameter REF_JITTER1 bound to: 0.010000 - type: double 
	Parameter STARTUP_WAIT bound to: 0 - type: bool 
INFO: [Synth 8-113] binding component instance 'mmcm_adv_inst' to cell 'MMCME2_ADV' [C:/Digital Systems/Project/Vivado/New folder/clk_wiz_0_clk_wiz.vhd:114]
INFO: [Synth 8-113] binding component instance 'clkf_buf' to cell 'BUFG' [C:/Digital Systems/Project/Vivado/New folder/clk_wiz_0_clk_wiz.vhd:176]
INFO: [Synth 8-113] binding component instance 'clkout1_buf' to cell 'BUFG' [C:/Digital Systems/Project/Vivado/New folder/clk_wiz_0_clk_wiz.vhd:183]
INFO: [Synth 8-256] done synthesizing module 'clk_wiz_0_clk_wiz' (0#1) [C:/Digital Systems/Project/Vivado/New folder/clk_wiz_0_clk_wiz.vhd:72]
INFO: [Synth 8-256] done synthesizing module 'clk_wiz_0' (0#1) [C:/Digital Systems/Project/Vivado/New folder/clk_wiz_0.vhd:20]
INFO: [Synth 8-3491] module 'leddec16' declared at 'C:/Digital Systems/Project/Vivado/New folder/leddec16.vhd:4' bound to instance 'led1' of component 'leddec16' [C:/Digital Systems/Project/Vivado/New folder/space_invaders.vhd:138]
INFO: [Synth 8-638] synthesizing module 'leddec16' [C:/Digital Systems/Project/Vivado/New folder/leddec16.vhd:12]
INFO: [Synth 8-256] done synthesizing module 'leddec16' (0#1) [C:/Digital Systems/Project/Vivado/New folder/leddec16.vhd:12]
INFO: [Synth 8-256] done synthesizing module 'space_invaders' (0#1) [C:/Digital Systems/Project/Vivado/New folder/space_invaders.vhd:24]
WARNING: [Synth 8-6014] Unused sequential element ship_y_pos_reg was removed.  [C:/Digital Systems/Project/Vivado/New folder/space_invaders.vhd:93]
---------------------------------------------------------------------------------
Finished RTL Elaboration : Time (s): cpu = 00:00:34 ; elapsed = 00:00:36 . Memory (MB): peak = 1475.375 ; gain = 914.488
---------------------------------------------------------------------------------
---------------------------------------------------------------------------------
Start Handling Custom Attributes
---------------------------------------------------------------------------------
---------------------------------------------------------------------------------
Finished Handling Custom Attributes : Time (s): cpu = 00:00:35 ; elapsed = 00:00:37 . Memory (MB): peak = 1475.375 ; gain = 914.488
---------------------------------------------------------------------------------
---------------------------------------------------------------------------------
Finished RTL Optimization Phase 1 : Time (s): cpu = 00:00:35 ; elapsed = 00:00:37 . Memory (MB): peak = 1475.375 ; gain = 914.488
---------------------------------------------------------------------------------
Netlist sorting complete. Time (s): cpu = 00:00:00 ; elapsed = 00:00:00.107 . Memory (MB): peak = 1475.375 ; gain = 0.000
INFO: [Netlist 29-17] Analyzing 1 Unisim elements for replacement
INFO: [Netlist 29-28] Unisim Transformation completed in 0 CPU seconds
INFO: [Project 1-570] Preparing netlist for logic optimization

Processing XDC Constraints
Initializing timing engine
Parsing XDC File [C:/Digital Systems/Project/Vivado/New folder/space_invaders.xdc]
Finished Parsing XDC File [C:/Digital Systems/Project/Vivado/New folder/space_invaders.xdc]
INFO: [Project 1-236] Implementation specific constraints were found while reading constraint file [C:/Digital Systems/Project/Vivado/New folder/space_invaders.xdc]. These constraints will be ignored for synthesis but will be used in implementation. Impacted constraints are listed in the file [.Xil/space_invaders_propImpl.xdc].
Resolution: To avoid this warning, move constraints listed in [.Xil/space_invaders_propImpl.xdc] to another XDC file and exclude this new file from synthesis with the used_in_synthesis property (File Properties dialog in GUI) and re-run elaboration/synthesis.
INFO: [Timing 38-2] Deriving generated clocks
Completed Processing XDC Constraints

Netlist sorting complete. Time (s): cpu = 00:00:00 ; elapsed = 00:00:00.003 . Memory (MB): peak = 1475.375 ; gain = 0.000
INFO: [Project 1-111] Unisim Transformation Summary:
No Unisim elements were transformed.

---------------------------------------------------------------------------------
Finished Constraint Validation : Time (s): cpu = 00:00:49 ; elapsed = 00:00:51 . Memory (MB): peak = 1475.375 ; gain = 914.488
---------------------------------------------------------------------------------
---------------------------------------------------------------------------------
Start Loading Part and Timing Information
---------------------------------------------------------------------------------
Loading part: xc7a100tcsg324-1
---------------------------------------------------------------------------------
Finished Loading Part and Timing Information : Time (s): cpu = 00:00:49 ; elapsed = 00:00:51 . Memory (MB): peak = 1475.375 ; gain = 914.488
---------------------------------------------------------------------------------
---------------------------------------------------------------------------------
Start Applying 'set_property' XDC Constraints
---------------------------------------------------------------------------------
---------------------------------------------------------------------------------
Finished applying 'set_property' XDC Constraints : Time (s): cpu = 00:00:49 ; elapsed = 00:00:51 . Memory (MB): peak = 1475.375 ; gain = 914.488
---------------------------------------------------------------------------------
WARNING: [Synth 8-327] inferring latch for variable 'alien_on_reg' [C:/Digital Systems/Project/Vivado/New folder/ship_n_laser.vhd:94]
---------------------------------------------------------------------------------
Finished RTL Optimization Phase 2 : Time (s): cpu = 00:01:07 ; elapsed = 00:01:10 . Memory (MB): peak = 1475.375 ; gain = 914.488
---------------------------------------------------------------------------------
---------------------------------------------------------------------------------
Start RTL Component Statistics 
---------------------------------------------------------------------------------
Detailed RTL Component Info : 
+---Adders : 
	   3 Input   32 Bit       Adders := 41    
	   2 Input   32 Bit       Adders := 28    
	   2 Input   12 Bit       Adders := 37    
	   2 Input   11 Bit       Adders := 34    
	   3 Input   11 Bit       Adders := 4     
	   2 Input    6 Bit       Adders := 1     
	   2 Input    4 Bit       Adders := 1     
+---Registers : 
	               32 Bit    Registers := 1     
	               23 Bit    Registers := 1     
	               11 Bit    Registers := 9     
	                6 Bit    Registers := 1     
	                4 Bit    Registers := 4     
	                1 Bit    Registers := 7     
+---Multipliers : 
	              32x32  Multipliers := 7     
+---Muxes : 
	 101 Input   32 Bit        Muxes := 1     
	   2 Input   11 Bit        Muxes := 5     
	   2 Input    8 Bit        Muxes := 1     
	   4 Input    8 Bit        Muxes := 1     
	   2 Input    5 Bit        Muxes := 1     
	   2 Input    4 Bit        Muxes := 4     
	   4 Input    4 Bit        Muxes := 1     
	   2 Input    1 Bit        Muxes := 293   
	   5 Input    1 Bit        Muxes := 11    
	   6 Input    1 Bit        Muxes := 1     
---------------------------------------------------------------------------------
Finished RTL Component Statistics 
---------------------------------------------------------------------------------
---------------------------------------------------------------------------------
Start Part Resource Summary
---------------------------------------------------------------------------------
Part Resources:
DSPs: 240 (col length:80)
BRAMs: 270 (col length: RAMB18 80 RAMB36 40)
---------------------------------------------------------------------------------
Finished Part Resource Summary
---------------------------------------------------------------------------------
---------------------------------------------------------------------------------
Start Cross Boundary and Area Optimization
---------------------------------------------------------------------------------
WARNING: [Synth 8-7080] Parallel synthesis criteria is not met
DSP Report: Generating DSP alien_on5, operation Mode is: A*B.
DSP Report: operator alien_on5 is absorbed into DSP alien_on5.
DSP Report: operator alien_on5 is absorbed into DSP alien_on5.
DSP Report: Generating DSP alien_on5, operation Mode is: A*B.
DSP Report: operator alien_on5 is absorbed into DSP alien_on5.
DSP Report: operator alien_on5 is absorbed into DSP alien_on5.
DSP Report: Generating DSP alien_on5, operation Mode is: (PCIN>>17)+A*B.
DSP Report: operator alien_on5 is absorbed into DSP alien_on5.
DSP Report: operator alien_on5 is absorbed into DSP alien_on5.
DSP Report: Generating DSP alien_on5, operation Mode is: A*B.
DSP Report: operator alien_on5 is absorbed into DSP alien_on5.
DSP Report: operator alien_on5 is absorbed into DSP alien_on5.
DSP Report: Generating DSP alien_on5, operation Mode is: (PCIN>>17)+A*B.
DSP Report: operator alien_on5 is absorbed into DSP alien_on5.
DSP Report: operator alien_on5 is absorbed into DSP alien_on5.
DSP Report: Generating DSP alien_on5, operation Mode is: A*B.
DSP Report: operator alien_on5 is absorbed into DSP alien_on5.
DSP Report: operator alien_on5 is absorbed into DSP alien_on5.
DSP Report: Generating DSP alien_on5, operation Mode is: (PCIN>>17)+A*B.
DSP Report: operator alien_on5 is absorbed into DSP alien_on5.
DSP Report: operator alien_on5 is absorbed into DSP alien_on5.
DSP Report: Generating DSP alien_on5, operation Mode is: A*B.
DSP Report: operator alien_on5 is absorbed into DSP alien_on5.
DSP Report: operator alien_on5 is absorbed into DSP alien_on5.
DSP Report: Generating DSP alien_on5, operation Mode is: (PCIN>>17)+A*B.
DSP Report: operator alien_on5 is absorbed into DSP alien_on5.
DSP Report: operator alien_on5 is absorbed into DSP alien_on5.
DSP Report: Generating DSP alien_on5, operation Mode is: A*B.
DSP Report: operator alien_on5 is absorbed into DSP alien_on5.
DSP Report: operator alien_on5 is absorbed into DSP alien_on5.
DSP Report: Generating DSP alien_on5, operation Mode is: (PCIN>>17)+A*B.
DSP Report: operator alien_on5 is absorbed into DSP alien_on5.
DSP Report: operator alien_on5 is absorbed into DSP alien_on5.
DSP Report: Generating DSP alien_on5, operation Mode is: A*B.
DSP Report: operator alien_on5 is absorbed into DSP alien_on5.
DSP Report: operator alien_on5 is absorbed into DSP alien_on5.
DSP Report: Generating DSP alien_on5, operation Mode is: (PCIN>>17)+A*B.
DSP Report: operator alien_on5 is absorbed into DSP alien_on5.
DSP Report: operator alien_on5 is absorbed into DSP alien_on5.
DSP Report: Generating DSP alien_on5, operation Mode is: A*B.
DSP Report: operator alien_on5 is absorbed into DSP alien_on5.
DSP Report: operator alien_on5 is absorbed into DSP alien_on5.
DSP Report: Generating DSP alien_on5, operation Mode is: (PCIN>>17)+A*B.
DSP Report: operator alien_on5 is absorbed into DSP alien_on5.
DSP Report: operator alien_on5 is absorbed into DSP alien_on5.
DSP Report: Generating DSP alien_on5, operation Mode is: A*B.
DSP Report: operator alien_on5 is absorbed into DSP alien_on5.
DSP Report: operator alien_on5 is absorbed into DSP alien_on5.
DSP Report: Generating DSP alien_on5, operation Mode is: (PCIN>>17)+A*B.
DSP Report: operator alien_on5 is absorbed into DSP alien_on5.
DSP Report: operator alien_on5 is absorbed into DSP alien_on5.
DSP Report: Generating DSP alien_on5, operation Mode is: A*B.
DSP Report: operator alien_on5 is absorbed into DSP alien_on5.
DSP Report: operator alien_on5 is absorbed into DSP alien_on5.
DSP Report: Generating DSP alien_on5, operation Mode is: (PCIN>>17)+A*B.
DSP Report: operator alien_on5 is absorbed into DSP alien_on5.
DSP Report: operator alien_on5 is absorbed into DSP alien_on5.
DSP Report: Generating DSP alien_on5, operation Mode is: A*B.
DSP Report: operator alien_on5 is absorbed into DSP alien_on5.
DSP Report: operator alien_on5 is absorbed into DSP alien_on5.
DSP Report: Generating DSP alien_on5, operation Mode is: (PCIN>>17)+A*B.
DSP Report: operator alien_on5 is absorbed into DSP alien_on5.
DSP Report: operator alien_on5 is absorbed into DSP alien_on5.
DSP Report: Generating DSP alien_on5, operation Mode is: A*B.
DSP Report: operator alien_on5 is absorbed into DSP alien_on5.
DSP Report: operator alien_on5 is absorbed into DSP alien_on5.
DSP Report: Generating DSP alien_on5, operation Mode is: (PCIN>>17)+A*B.
DSP Report: operator alien_on5 is absorbed into DSP alien_on5.
DSP Report: operator alien_on5 is absorbed into DSP alien_on5.
DSP Report: Generating DSP alien_on5, operation Mode is: A*B.
DSP Report: operator alien_on5 is absorbed into DSP alien_on5.
DSP Report: operator alien_on5 is absorbed into DSP alien_on5.
DSP Report: Generating DSP alien_on5, operation Mode is: (PCIN>>17)+A*B.
DSP Report: operator alien_on5 is absorbed into DSP alien_on5.
DSP Report: operator alien_on5 is absorbed into DSP alien_on5.
DSP Report: Generating DSP alien_on5, operation Mode is: A*B.
DSP Report: operator alien_on5 is absorbed into DSP alien_on5.
DSP Report: operator alien_on5 is absorbed into DSP alien_on5.
DSP Report: Generating DSP alien_on5, operation Mode is: (PCIN>>17)+A*B.
DSP Report: operator alien_on5 is absorbed into DSP alien_on5.
DSP Report: operator alien_on5 is absorbed into DSP alien_on5.
DSP Report: Generating DSP alien_on5, operation Mode is: A*B.
DSP Report: operator alien_on5 is absorbed into DSP alien_on5.
DSP Report: operator alien_on5 is absorbed into DSP alien_on5.
DSP Report: Generating DSP alien_on5, operation Mode is: (PCIN>>17)+A*B.
DSP Report: operator alien_on5 is absorbed into DSP alien_on5.
DSP Report: operator alien_on5 is absorbed into DSP alien_on5.
DSP Report: Generating DSP alien_on5, operation Mode is: A*B.
DSP Report: operator alien_on5 is absorbed into DSP alien_on5.
DSP Report: operator alien_on5 is absorbed into DSP alien_on5.
DSP Report: Generating DSP alien_on5, operation Mode is: (PCIN>>17)+A*B.
DSP Report: operator alien_on5 is absorbed into DSP alien_on5.
DSP Report: operator alien_on5 is absorbed into DSP alien_on5.
DSP Report: Generating DSP alien_on5, operation Mode is: A*B.
DSP Report: operator alien_on5 is absorbed into DSP alien_on5.
DSP Report: operator alien_on5 is absorbed into DSP alien_on5.
DSP Report: Generating DSP alien_on5, operation Mode is: A*B.
DSP Report: operator alien_on5 is absorbed into DSP alien_on5.
DSP Report: operator alien_on5 is absorbed into DSP alien_on5.
DSP Report: Generating DSP alien_on5, operation Mode is: A*B.
DSP Report: operator alien_on5 is absorbed into DSP alien_on5.
DSP Report: operator alien_on5 is absorbed into DSP alien_on5.
DSP Report: Generating DSP alien_on5, operation Mode is: (PCIN>>17)+A*B.
DSP Report: operator alien_on5 is absorbed into DSP alien_on5.
DSP Report: operator alien_on5 is absorbed into DSP alien_on5.
DSP Report: Generating DSP alien_on5, operation Mode is: A*B.
DSP Report: operator alien_on5 is absorbed into DSP alien_on5.
DSP Report: operator alien_on5 is absorbed into DSP alien_on5.
DSP Report: Generating DSP alien_on5, operation Mode is: (PCIN>>17)+A*B.
DSP Report: operator alien_on5 is absorbed into DSP alien_on5.
DSP Report: operator alien_on5 is absorbed into DSP alien_on5.
DSP Report: Generating DSP alien_on5, operation Mode is: A*B.
DSP Report: operator alien_on5 is absorbed into DSP alien_on5.
DSP Report: operator alien_on5 is absorbed into DSP alien_on5.
DSP Report: Generating DSP alien_on5, operation Mode is: A*B.
DSP Report: operator alien_on5 is absorbed into DSP alien_on5.
DSP Report: operator alien_on5 is absorbed into DSP alien_on5.
DSP Report: Generating DSP alien_on5, operation Mode is: (PCIN>>17)+A*B.
DSP Report: operator alien_on5 is absorbed into DSP alien_on5.
DSP Report: operator alien_on5 is absorbed into DSP alien_on5.
DSP Report: Generating DSP alien_on5, operation Mode is: A*B.
DSP Report: operator alien_on5 is absorbed into DSP alien_on5.
DSP Report: operator alien_on5 is absorbed into DSP alien_on5.
DSP Report: Generating DSP alien_on5, operation Mode is: A*B.
DSP Report: operator alien_on5 is absorbed into DSP alien_on5.
DSP Report: operator alien_on5 is absorbed into DSP alien_on5.
DSP Report: Generating DSP alien_on5, operation Mode is: (PCIN>>17)+A*B.
DSP Report: operator alien_on5 is absorbed into DSP alien_on5.
DSP Report: operator alien_on5 is absorbed into DSP alien_on5.
DSP Report: Generating DSP alien_on5, operation Mode is: A*B.
DSP Report: operator alien_on5 is absorbed into DSP alien_on5.
DSP Report: operator alien_on5 is absorbed into DSP alien_on5.
DSP Report: Generating DSP alien_on5, operation Mode is: A*B.
DSP Report: operator alien_on5 is absorbed into DSP alien_on5.
DSP Report: operator alien_on5 is absorbed into DSP alien_on5.
DSP Report: Generating DSP alien_on5, operation Mode is: (PCIN>>17)+A*B.
DSP Report: operator alien_on5 is absorbed into DSP alien_on5.
DSP Report: operator alien_on5 is absorbed into DSP alien_on5.
DSP Report: Generating DSP alien_on5, operation Mode is: A*B.
DSP Report: operator alien_on5 is absorbed into DSP alien_on5.
DSP Report: operator alien_on5 is absorbed into DSP alien_on5.
DSP Report: Generating DSP alien_on5, operation Mode is: A*B.
DSP Report: operator alien_on5 is absorbed into DSP alien_on5.
DSP Report: operator alien_on5 is absorbed into DSP alien_on5.
DSP Report: Generating DSP alien_on5, operation Mode is: (PCIN>>17)+A*B.
DSP Report: operator alien_on5 is absorbed into DSP alien_on5.
DSP Report: operator alien_on5 is absorbed into DSP alien_on5.
DSP Report: Generating DSP alien_on5, operation Mode is: A*B.
DSP Report: operator alien_on5 is absorbed into DSP alien_on5.
DSP Report: operator alien_on5 is absorbed into DSP alien_on5.
DSP Report: Generating DSP alien_on5, operation Mode is: A*B.
DSP Report: operator alien_on5 is absorbed into DSP alien_on5.
DSP Report: operator alien_on5 is absorbed into DSP alien_on5.
DSP Report: Generating DSP alien_on5, operation Mode is: (PCIN>>17)+A*B.
DSP Report: operator alien_on5 is absorbed into DSP alien_on5.
DSP Report: operator alien_on5 is absorbed into DSP alien_on5.
DSP Report: Generating DSP alien_on5, operation Mode is: A*B.
DSP Report: operator alien_on5 is absorbed into DSP alien_on5.
DSP Report: operator alien_on5 is absorbed into DSP alien_on5.
DSP Report: Generating DSP alien_on5, operation Mode is: A*B.
DSP Report: operator alien_on5 is absorbed into DSP alien_on5.
DSP Report: operator alien_on5 is absorbed into DSP alien_on5.
DSP Report: Generating DSP alien_on5, operation Mode is: (PCIN>>17)+A*B.
DSP Report: operator alien_on5 is absorbed into DSP alien_on5.
DSP Report: operator alien_on5 is absorbed into DSP alien_on5.
DSP Report: Generating DSP alien_on5, operation Mode is: A*B.
DSP Report: operator alien_on5 is absorbed into DSP alien_on5.
DSP Report: operator alien_on5 is absorbed into DSP alien_on5.
DSP Report: Generating DSP alien_on5, operation Mode is: A*B.
DSP Report: operator alien_on5 is absorbed into DSP alien_on5.
DSP Report: operator alien_on5 is absorbed into DSP alien_on5.
DSP Report: Generating DSP alien_on5, operation Mode is: (PCIN>>17)+A*B.
DSP Report: operator alien_on5 is absorbed into DSP alien_on5.
DSP Report: operator alien_on5 is absorbed into DSP alien_on5.
DSP Report: Generating DSP alien_on5, operation Mode is: A*B.
DSP Report: operator alien_on5 is absorbed into DSP alien_on5.
DSP Report: operator alien_on5 is absorbed into DSP alien_on5.
DSP Report: Generating DSP alien_on5, operation Mode is: A*B.
DSP Report: operator alien_on5 is absorbed into DSP alien_on5.
DSP Report: operator alien_on5 is absorbed into DSP alien_on5.
DSP Report: Generating DSP alien_on5, operation Mode is: (PCIN>>17)+A*B.
DSP Report: operator alien_on5 is absorbed into DSP alien_on5.
DSP Report: operator alien_on5 is absorbed into DSP alien_on5.
---------------------------------------------------------------------------------
Finished Cross Boundary and Area Optimization : Time (s): cpu = 00:01:41 ; elapsed = 00:01:46 . Memory (MB): peak = 1622.562 ; gain = 1061.676
---------------------------------------------------------------------------------
 Sort Area is ship_n_laser__GB2 alien_on5_10 : 0 0 : 2701 5354 : Used 1 time 0
 Sort Area is ship_n_laser__GB2 alien_on5_10 : 0 1 : 2653 5354 : Used 1 time 0
 Sort Area is ship_n_laser__GB2 alien_on5_12 : 0 0 : 2701 5354 : Used 1 time 0
 Sort Area is ship_n_laser__GB2 alien_on5_12 : 0 1 : 2653 5354 : Used 1 time 0
 Sort Area is ship_n_laser__GB2 alien_on5_14 : 0 0 : 2701 5354 : Used 1 time 0
 Sort Area is ship_n_laser__GB2 alien_on5_14 : 0 1 : 2653 5354 : Used 1 time 0
 Sort Area is ship_n_laser__GB2 alien_on5_3 : 0 0 : 2701 5354 : Used 1 time 0
 Sort Area is ship_n_laser__GB2 alien_on5_3 : 0 1 : 2653 5354 : Used 1 time 0
 Sort Area is ship_n_laser__GB2 alien_on5_a : 0 0 : 2701 5354 : Used 1 time 0
 Sort Area is ship_n_laser__GB2 alien_on5_a : 0 1 : 2653 5354 : Used 1 time 0
 Sort Area is ship_n_laser__GB2 alien_on5_c : 0 0 : 2701 5354 : Used 1 time 0
 Sort Area is ship_n_laser__GB2 alien_on5_c : 0 1 : 2653 5354 : Used 1 time 0
 Sort Area is ship_n_laser__GB2 alien_on5_e : 0 0 : 2701 5354 : Used 1 time 0
 Sort Area is ship_n_laser__GB2 alien_on5_e : 0 1 : 2653 5354 : Used 1 time 0
 Sort Area is ship_n_laser__GB2 alien_on5_11 : 0 0 : 2634 5119 : Used 1 time 0
 Sort Area is ship_n_laser__GB2 alien_on5_11 : 0 1 : 2485 5119 : Used 1 time 0
 Sort Area is ship_n_laser__GB2 alien_on5_13 : 0 0 : 2634 5119 : Used 1 time 0
 Sort Area is ship_n_laser__GB2 alien_on5_13 : 0 1 : 2485 5119 : Used 1 time 0
 Sort Area is ship_n_laser__GB2 alien_on5_15 : 0 0 : 2634 5119 : Used 1 time 0
 Sort Area is ship_n_laser__GB2 alien_on5_15 : 0 1 : 2485 5119 : Used 1 time 0
 Sort Area is ship_n_laser__GB2 alien_on5_5 : 0 0 : 2634 5119 : Used 1 time 0
 Sort Area is ship_n_laser__GB2 alien_on5_5 : 0 1 : 2485 5119 : Used 1 time 0
 Sort Area is ship_n_laser__GB2 alien_on5_b : 0 0 : 2634 5119 : Used 1 time 0
 Sort Area is ship_n_laser__GB2 alien_on5_b : 0 1 : 2485 5119 : Used 1 time 0
 Sort Area is ship_n_laser__GB2 alien_on5_d : 0 0 : 2634 5119 : Used 1 time 0
 Sort Area is ship_n_laser__GB2 alien_on5_d : 0 1 : 2485 5119 : Used 1 time 0
 Sort Area is ship_n_laser__GB2 alien_on5_f : 0 0 : 2634 5119 : Used 1 time 0
 Sort Area is ship_n_laser__GB2 alien_on5_f : 0 1 : 2485 5119 : Used 1 time 0
 Sort Area is ship_n_laser__GB2 alien_on5_0 : 0 0 : 2701 4456 : Used 1 time 0
 Sort Area is ship_n_laser__GB2 alien_on5_0 : 0 1 : 1755 4456 : Used 1 time 0
 Sort Area is ship_n_laser__GB2 alien_on5_16 : 0 0 : 2701 4456 : Used 1 time 0
 Sort Area is ship_n_laser__GB2 alien_on5_16 : 0 1 : 1755 4456 : Used 1 time 0
 Sort Area is ship_n_laser__GB2 alien_on5_17 : 0 0 : 2701 4456 : Used 1 time 0
 Sort Area is ship_n_laser__GB2 alien_on5_17 : 0 1 : 1755 4456 : Used 1 time 0
 Sort Area is ship_n_laser__GB2 alien_on5_1a : 0 0 : 2701 4456 : Used 1 time 0
 Sort Area is ship_n_laser__GB2 alien_on5_1a : 0 1 : 1755 4456 : Used 1 time 0
 Sort Area is ship_n_laser__GB2 alien_on5_1c : 0 0 : 2701 4456 : Used 1 time 0
 Sort Area is ship_n_laser__GB2 alien_on5_1c : 0 1 : 1755 4456 : Used 1 time 0
 Sort Area is ship_n_laser__GB2 alien_on5_1e : 0 0 : 2701 4456 : Used 1 time 0
 Sort Area is ship_n_laser__GB2 alien_on5_1e : 0 1 : 1755 4456 : Used 1 time 0
 Sort Area is ship_n_laser__GB2 alien_on5_20 : 0 0 : 2701 4456 : Used 1 time 0
 Sort Area is ship_n_laser__GB2 alien_on5_20 : 0 1 : 1755 4456 : Used 1 time 0
 Sort Area is ship_n_laser__GB2 alien_on5_22 : 0 0 : 2701 4456 : Used 1 time 0
 Sort Area is ship_n_laser__GB2 alien_on5_22 : 0 1 : 1755 4456 : Used 1 time 0
 Sort Area is ship_n_laser__GB2 alien_on5_24 : 0 0 : 2701 4456 : Used 1 time 0
 Sort Area is ship_n_laser__GB2 alien_on5_24 : 0 1 : 1755 4456 : Used 1 time 0
 Sort Area is ship_n_laser__GB2 alien_on5_26 : 0 0 : 2701 4456 : Used 1 time 0
 Sort Area is ship_n_laser__GB2 alien_on5_26 : 0 1 : 1755 4456 : Used 1 time 0
 Sort Area is ship_n_laser__GB2 alien_on5_28 : 0 0 : 2701 4456 : Used 1 time 0
 Sort Area is ship_n_laser__GB2 alien_on5_28 : 0 1 : 1755 4456 : Used 1 time 0
 Sort Area is ship_n_laser__GB2 alien_on5_18 : 0 0 : 1755 1755 : Used 1 time 0
 Sort Area is ship_n_laser__GB2 alien_on5_19 : 0 0 : 1755 1755 : Used 1 time 0
 Sort Area is ship_n_laser__GB2 alien_on5_1b : 0 0 : 1755 1755 : Used 1 time 0
 Sort Area is ship_n_laser__GB2 alien_on5_1d : 0 0 : 1755 1755 : Used 1 time 0
 Sort Area is ship_n_laser__GB2 alien_on5_1f : 0 0 : 1755 1755 : Used 1 time 0
 Sort Area is ship_n_laser__GB2 alien_on5_21 : 0 0 : 1755 1755 : Used 1 time 0
 Sort Area is ship_n_laser__GB2 alien_on5_23 : 0 0 : 1755 1755 : Used 1 time 0
 Sort Area is ship_n_laser__GB2 alien_on5_25 : 0 0 : 1755 1755 : Used 1 time 0
 Sort Area is ship_n_laser__GB2 alien_on5_27 : 0 0 : 1755 1755 : Used 1 time 0
 Sort Area is ship_n_laser__GB2 alien_on5_29 : 0 0 : 1755 1755 : Used 1 time 0
 Sort Area is ship_n_laser__GB2 alien_on5_8 : 0 0 : 1755 1755 : Used 1 time 0
---------------------------------------------------------------------------------
Start ROM, RAM, DSP, Shift Register and Retiming Reporting
---------------------------------------------------------------------------------

DSP: Preliminary Mapping Report (see note below. The ' indicates corresponding REG is set)
+---------------+----------------+--------+--------+--------+--------+--------+------+------+------+------+-------+------+------+
|Module Name    | DSP Mapping    | A Size | B Size | C Size | D Size | P Size | AREG | BREG | CREG | DREG | ADREG | MREG | PREG | 
+---------------+----------------+--------+--------+--------+--------+--------+------+------+------+------+-------+------+------+
|ship_n_laser   | A*B            | 15     | 15     | -      | -      | 15     | 0    | 0    | -    | -    | -     | 0    | 0    | 
|space_invaders | A*B            | 18     | 15     | -      | -      | 48     | 0    | 0    | -    | -    | -     | 0    | 0    | 
|space_invaders | (PCIN>>17)+A*B | 15     | 15     | -      | -      | 48     | 0    | 0    | -    | -    | -     | 0    | 0    | 
|space_invaders | A*B            | 18     | 18     | -      | -      | 48     | 0    | 0    | -    | -    | -     | 0    | 0    | 
|space_invaders | (PCIN>>17)+A*B | 18     | 15     | -      | -      | 48     | 0    | 0    | -    | -    | -     | 0    | 0    | 
|ship_n_laser   | A*B            | 18     | 18     | -      | -      | 48     | 0    | 0    | -    | -    | -     | 0    | 0    | 
|ship_n_laser   | (PCIN>>17)+A*B | 15     | 15     | -      | -      | 15     | 0    | 0    | -    | -    | -     | 0    | 0    | 
|space_invaders | A*B            | 18     | 15     | -      | -      | 48     | 0    | 0    | -    | -    | -     | 0    | 0    | 
|space_invaders | (PCIN>>17)+A*B | 15     | 15     | -      | -      | 48     | 0    | 0    | -    | -    | -     | 0    | 0    | 
|space_invaders | A*B            | 18     | 18     | -      | -      | 48     | 0    | 0    | -    | -    | -     | 0    | 0    | 
|space_invaders | (PCIN>>17)+A*B | 18     | 15     | -      | -      | 48     | 0    | 0    | -    | -    | -     | 0    | 0    | 
|space_invaders | A*B            | 18     | 15     | -      | -      | 48     | 0    | 0    | -    | -    | -     | 0    | 0    | 
|space_invaders | (PCIN>>17)+A*B | 15     | 15     | -      | -      | 48     | 0    | 0    | -    | -    | -     | 0    | 0    | 
|space_invaders | A*B            | 18     | 18     | -      | -      | 48     | 0    | 0    | -    | -    | -     | 0    | 0    | 
|space_invaders | (PCIN>>17)+A*B | 18     | 15     | -      | -      | 48     | 0    | 0    | -    | -    | -     | 0    | 0    | 
|space_invaders | A*B            | 18     | 15     | -      | -      | 48     | 0    | 0    | -    | -    | -     | 0    | 0    | 
|space_invaders | (PCIN>>17)+A*B | 15     | 15     | -      | -      | 48     | 0    | 0    | -    | -    | -     | 0    | 0    | 
|space_invaders | A*B            | 18     | 18     | -      | -      | 48     | 0    | 0    | -    | -    | -     | 0    | 0    | 
|space_invaders | (PCIN>>17)+A*B | 18     | 15     | -      | -      | 48     | 0    | 0    | -    | -    | -     | 0    | 0    | 
|space_invaders | A*B            | 18     | 15     | -      | -      | 48     | 0    | 0    | -    | -    | -     | 0    | 0    | 
|space_invaders | (PCIN>>17)+A*B | 15     | 15     | -      | -      | 48     | 0    | 0    | -    | -    | -     | 0    | 0    | 
|space_invaders | A*B            | 18     | 18     | -      | -      | 48     | 0    | 0    | -    | -    | -     | 0    | 0    | 
|space_invaders | (PCIN>>17)+A*B | 18     | 15     | -      | -      | 48     | 0    | 0    | -    | -    | -     | 0    | 0    | 
|space_invaders | A*B            | 18     | 15     | -      | -      | 48     | 0    | 0    | -    | -    | -     | 0    | 0    | 
|space_invaders | (PCIN>>17)+A*B | 15     | 15     | -      | -      | 48     | 0    | 0    | -    | -    | -     | 0    | 0    | 
|space_invaders | A*B            | 18     | 18     | -      | -      | 48     | 0    | 0    | -    | -    | -     | 0    | 0    | 
|space_invaders | (PCIN>>17)+A*B | 18     | 15     | -      | -      | 48     | 0    | 0    | -    | -    | -     | 0    | 0    | 
|space_invaders | A*B            | 18     | 15     | -      | -      | 48     | 0    | 0    | -    | -    | -     | 0    | 0    | 
|space_invaders | (PCIN>>17)+A*B | 15     | 15     | -      | -      | 48     | 0    | 0    | -    | -    | -     | 0    | 0    | 
|space_invaders | A*B            | 18     | 18     | -      | -      | 48     | 0    | 0    | -    | -    | -     | 0    | 0    | 
|space_invaders | (PCIN>>17)+A*B | 18     | 15     | -      | -      | 48     | 0    | 0    | -    | -    | -     | 0    | 0    | 
|ship_n_laser   | A*B            | 15     | 15     | -      | -      | 15     | 0    | 0    | -    | -    | -     | 0    | 0    | 
|ship_n_laser   | A*B            | 15     | 15     | -      | -      | 15     | 0    | 0    | -    | -    | -     | 0    | 0    | 
|ship_n_laser   | A*B            | 18     | 18     | -      | -      | 48     | 0    | 0    | -    | -    | -     | 0    | 0    | 
|ship_n_laser   | (PCIN>>17)+A*B | 15     | 15     | -      | -      | 15     | 0    | 0    | -    | -    | -     | 0    | 0    | 
|ship_n_laser   | A*B            | 18     | 18     | -      | -      | 48     | 0    | 0    | -    | -    | -     | 0    | 0    | 
|ship_n_laser   | (PCIN>>17)+A*B | 15     | 15     | -      | -      | 15     | 0    | 0    | -    | -    | -     | 0    | 0    | 
|ship_n_laser   | A*B            | 15     | 15     | -      | -      | 15     | 0    | 0    | -    | -    | -     | 0    | 0    | 
|ship_n_laser   | A*B            | 18     | 18     | -      | -      | 48     | 0    | 0    | -    | -    | -     | 0    | 0    | 
|ship_n_laser   | (PCIN>>17)+A*B | 15     | 15     | -      | -      | 15     | 0    | 0    | -    | -    | -     | 0    | 0    | 
|ship_n_laser   | A*B            | 15     | 15     | -      | -      | 15     | 0    | 0    | -    | -    | -     | 0    | 0    | 
|ship_n_laser   | A*B            | 18     | 18     | -      | -      | 48     | 0    | 0    | -    | -    | -     | 0    | 0    | 
|ship_n_laser   | (PCIN>>17)+A*B | 15     | 15     | -      | -      | 15     | 0    | 0    | -    | -    | -     | 0    | 0    | 
|ship_n_laser   | A*B            | 15     | 15     | -      | -      | 15     | 0    | 0    | -    | -    | -     | 0    | 0    | 
|ship_n_laser   | A*B            | 18     | 18     | -      | -      | 48     | 0    | 0    | -    | -    | -     | 0    | 0    | 
|ship_n_laser   | (PCIN>>17)+A*B | 15     | 15     | -      | -      | 15     | 0    | 0    | -    | -    | -     | 0    | 0    | 
|ship_n_laser   | A*B            | 15     | 15     | -      | -      | 15     | 0    | 0    | -    | -    | -     | 0    | 0    | 
|ship_n_laser   | A*B            | 18     | 18     | -      | -      | 48     | 0    | 0    | -    | -    | -     | 0    | 0    | 
|ship_n_laser   | (PCIN>>17)+A*B | 15     | 15     | -      | -      | 15     | 0    | 0    | -    | -    | -     | 0    | 0    | 
|ship_n_laser   | A*B            | 15     | 15     | -      | -      | 15     | 0    | 0    | -    | -    | -     | 0    | 0    | 
|ship_n_laser   | A*B            | 18     | 18     | -      | -      | 48     | 0    | 0    | -    | -    | -     | 0    | 0    | 
|ship_n_laser   | (PCIN>>17)+A*B | 15     | 15     | -      | -      | 15     | 0    | 0    | -    | -    | -     | 0    | 0    | 
|ship_n_laser   | A*B            | 15     | 15     | -      | -      | 15     | 0    | 0    | -    | -    | -     | 0    | 0    | 
|ship_n_laser   | A*B            | 18     | 18     | -      | -      | 48     | 0    | 0    | -    | -    | -     | 0    | 0    | 
|ship_n_laser   | (PCIN>>17)+A*B | 15     | 15     | -      | -      | 15     | 0    | 0    | -    | -    | -     | 0    | 0    | 
|ship_n_laser   | A*B            | 15     | 15     | -      | -      | 15     | 0    | 0    | -    | -    | -     | 0    | 0    | 
|ship_n_laser   | A*B            | 18     | 18     | -      | -      | 48     | 0    | 0    | -    | -    | -     | 0    | 0    | 
|ship_n_laser   | (PCIN>>17)+A*B | 15     | 15     | -      | -      | 15     | 0    | 0    | -    | -    | -     | 0    | 0    | 
|ship_n_laser   | A*B            | 15     | 15     | -      | -      | 15     | 0    | 0    | -    | -    | -     | 0    | 0    | 
|ship_n_laser   | A*B            | 18     | 18     | -      | -      | 48     | 0    | 0    | -    | -    | -     | 0    | 0    | 
|ship_n_laser   | (PCIN>>17)+A*B | 15     | 15     | -      | -      | 15     | 0    | 0    | -    | -    | -     | 0    | 0    | 
+---------------+----------------+--------+--------+--------+--------+--------+------+------+------+------+-------+------+------+

Note: The table above is a preliminary report that shows the DSPs inferred at the current stage of the synthesis flow. Some DSP may be reimplemented as non DSP primitives later in the synthesis flow. Multiple instantiated DSPs are reported only once.
---------------------------------------------------------------------------------
Finished ROM, RAM, DSP, Shift Register and Retiming Reporting
---------------------------------------------------------------------------------
---------------------------------------------------------------------------------
Start Applying XDC Timing Constraints
---------------------------------------------------------------------------------
---------------------------------------------------------------------------------
Finished Applying XDC Timing Constraints : Time (s): cpu = 00:01:51 ; elapsed = 00:01:56 . Memory (MB): peak = 1622.562 ; gain = 1061.676
---------------------------------------------------------------------------------
---------------------------------------------------------------------------------
Start Timing Optimization
---------------------------------------------------------------------------------
---------------------------------------------------------------------------------
Finished Timing Optimization : Time (s): cpu = 00:02:38 ; elapsed = 00:02:45 . Memory (MB): peak = 1981.582 ; gain = 1420.695
---------------------------------------------------------------------------------
---------------------------------------------------------------------------------
Start Technology Mapping
---------------------------------------------------------------------------------
---------------------------------------------------------------------------------
Finished Technology Mapping : Time (s): cpu = 00:02:44 ; elapsed = 00:02:52 . Memory (MB): peak = 1981.582 ; gain = 1420.695
---------------------------------------------------------------------------------
---------------------------------------------------------------------------------
Start IO Insertion
---------------------------------------------------------------------------------
---------------------------------------------------------------------------------
Start Flattening Before IO Insertion
---------------------------------------------------------------------------------
---------------------------------------------------------------------------------
Finished Flattening Before IO Insertion
---------------------------------------------------------------------------------
---------------------------------------------------------------------------------
Start Final Netlist Cleanup
---------------------------------------------------------------------------------
---------------------------------------------------------------------------------
Finished Final Netlist Cleanup
---------------------------------------------------------------------------------
---------------------------------------------------------------------------------
Finished IO Insertion : Time (s): cpu = 00:02:49 ; elapsed = 00:02:57 . Memory (MB): peak = 1981.582 ; gain = 1420.695
---------------------------------------------------------------------------------
---------------------------------------------------------------------------------
Start Renaming Generated Instances
---------------------------------------------------------------------------------
---------------------------------------------------------------------------------
Finished Renaming Generated Instances : Time (s): cpu = 00:02:49 ; elapsed = 00:02:57 . Memory (MB): peak = 1981.582 ; gain = 1420.695
---------------------------------------------------------------------------------
---------------------------------------------------------------------------------
Start Rebuilding User Hierarchy
---------------------------------------------------------------------------------
---------------------------------------------------------------------------------
Finished Rebuilding User Hierarchy : Time (s): cpu = 00:02:49 ; elapsed = 00:02:58 . Memory (MB): peak = 1981.582 ; gain = 1420.695
---------------------------------------------------------------------------------
---------------------------------------------------------------------------------
Start Renaming Generated Ports
---------------------------------------------------------------------------------
---------------------------------------------------------------------------------
Finished Renaming Generated Ports : Time (s): cpu = 00:02:49 ; elapsed = 00:02:58 . Memory (MB): peak = 1981.582 ; gain = 1420.695
---------------------------------------------------------------------------------
---------------------------------------------------------------------------------
Start Handling Custom Attributes
---------------------------------------------------------------------------------
---------------------------------------------------------------------------------
Finished Handling Custom Attributes : Time (s): cpu = 00:02:50 ; elapsed = 00:02:58 . Memory (MB): peak = 1981.582 ; gain = 1420.695
---------------------------------------------------------------------------------
---------------------------------------------------------------------------------
Start Renaming Generated Nets
---------------------------------------------------------------------------------
---------------------------------------------------------------------------------
Finished Renaming Generated Nets : Time (s): cpu = 00:02:50 ; elapsed = 00:02:58 . Memory (MB): peak = 1981.582 ; gain = 1420.695
---------------------------------------------------------------------------------
---------------------------------------------------------------------------------
Start Writing Synthesis Report
---------------------------------------------------------------------------------

DSP Final Report (the ' indicates corresponding REG is set)
+---------------+--------------+--------+--------+--------+--------+--------+------+------+------+------+-------+------+------+
|Module Name    | DSP Mapping  | A Size | B Size | C Size | D Size | P Size | AREG | BREG | CREG | DREG | ADREG | MREG | PREG | 
+---------------+--------------+--------+--------+--------+--------+--------+------+------+------+------+-------+------+------+
|ship_n_laser   | A*B          | 30     | 18     | -      | -      | 15     | 0    | 0    | -    | -    | -     | 0    | 0    | 
|space_invaders | A*B          | 17     | 18     | -      | -      | 48     | 0    | 0    | -    | -    | -     | 0    | 0    | 
|space_invaders | A*B          | 17     | 17     | -      | -      | 48     | 0    | 0    | -    | -    | -     | 0    | 0    | 
|space_invaders | PCIN>>17+A*B | 17     | 18     | -      | -      | 48     | 0    | 0    | -    | -    | -     | 0    | 0    | 
|ship_n_laser   | A*B          | 17     | 17     | -      | -      | 48     | 0    | 0    | -    | -    | -     | 0    | 0    | 
|ship_n_laser   | PCIN>>17+A*B | 30     | 18     | -      | -      | 15     | 0    | 0    | -    | -    | -     | 0    | 0    | 
|space_invaders | A*B          | 17     | 18     | -      | -      | 48     | 0    | 0    | -    | -    | -     | 0    | 0    | 
|space_invaders | A*B          | 17     | 17     | -      | -      | 48     | 0    | 0    | -    | -    | -     | 0    | 0    | 
|space_invaders | PCIN>>17+A*B | 17     | 18     | -      | -      | 48     | 0    | 0    | -    | -    | -     | 0    | 0    | 
|space_invaders | A*B          | 17     | 18     | -      | -      | 48     | 0    | 0    | -    | -    | -     | 0    | 0    | 
|space_invaders | A*B          | 17     | 17     | -      | -      | 48     | 0    | 0    | -    | -    | -     | 0    | 0    | 
|space_invaders | PCIN>>17+A*B | 17     | 18     | -      | -      | 48     | 0    | 0    | -    | -    | -     | 0    | 0    | 
|space_invaders | A*B          | 17     | 18     | -      | -      | 48     | 0    | 0    | -    | -    | -     | 0    | 0    | 
|space_invaders | A*B          | 17     | 17     | -      | -      | 48     | 0    | 0    | -    | -    | -     | 0    | 0    | 
|space_invaders | PCIN>>17+A*B | 17     | 18     | -      | -      | 48     | 0    | 0    | -    | -    | -     | 0    | 0    | 
|space_invaders | A*B          | 17     | 18     | -      | -      | 48     | 0    | 0    | -    | -    | -     | 0    | 0    | 
|space_invaders | A*B          | 17     | 17     | -      | -      | 48     | 0    | 0    | -    | -    | -     | 0    | 0    | 
|space_invaders | PCIN>>17+A*B | 17     | 18     | -      | -      | 48     | 0    | 0    | -    | -    | -     | 0    | 0    | 
|space_invaders | A*B          | 17     | 18     | -      | -      | 48     | 0    | 0    | -    | -    | -     | 0    | 0    | 
|space_invaders | A*B          | 17     | 17     | -      | -      | 48     | 0    | 0    | -    | -    | -     | 0    | 0    | 
|space_invaders | PCIN>>17+A*B | 17     | 18     | -      | -      | 48     | 0    | 0    | -    | -    | -     | 0    | 0    | 
|space_invaders | A*B          | 17     | 18     | -      | -      | 48     | 0    | 0    | -    | -    | -     | 0    | 0    | 
|space_invaders | A*B          | 17     | 17     | -      | -      | 48     | 0    | 0    | -    | -    | -     | 0    | 0    | 
|space_invaders | PCIN>>17+A*B | 17     | 18     | -      | -      | 48     | 0    | 0    | -    | -    | -     | 0    | 0    | 
|ship_n_laser   | A*B          | 30     | 18     | -      | -      | 15     | 0    | 0    | -    | -    | -     | 0    | 0    | 
|ship_n_laser   | A*B          | 30     | 18     | -      | -      | 15     | 0    | 0    | -    | -    | -     | 0    | 0    | 
|ship_n_laser   | A*B          | 17     | 17     | -      | -      | 48     | 0    | 0    | -    | -    | -     | 0    | 0    | 
|ship_n_laser   | PCIN>>17+A*B | 30     | 18     | -      | -      | 15     | 0    | 0    | -    | -    | -     | 0    | 0    | 
|ship_n_laser   | A*B          | 17     | 17     | -      | -      | 48     | 0    | 0    | -    | -    | -     | 0    | 0    | 
|ship_n_laser   | PCIN>>17+A*B | 30     | 18     | -      | -      | 15     | 0    | 0    | -    | -    | -     | 0    | 0    | 
|ship_n_laser   | A*B          | 30     | 18     | -      | -      | 15     | 0    | 0    | -    | -    | -     | 0    | 0    | 
|ship_n_laser   | A*B          | 17     | 17     | -      | -      | 48     | 0    | 0    | -    | -    | -     | 0    | 0    | 
|ship_n_laser   | PCIN>>17+A*B | 30     | 18     | -      | -      | 15     | 0    | 0    | -    | -    | -     | 0    | 0    | 
|ship_n_laser   | A*B          | 30     | 18     | -      | -      | 15     | 0    | 0    | -    | -    | -     | 0    | 0    | 
|ship_n_laser   | A*B          | 17     | 17     | -      | -      | 48     | 0    | 0    | -    | -    | -     | 0    | 0    | 
|ship_n_laser   | PCIN>>17+A*B | 30     | 18     | -      | -      | 15     | 0    | 0    | -    | -    | -     | 0    | 0    | 
|ship_n_laser   | A*B          | 30     | 18     | -      | -      | 15     | 0    | 0    | -    | -    | -     | 0    | 0    | 
|ship_n_laser   | A*B          | 17     | 17     | -      | -      | 48     | 0    | 0    | -    | -    | -     | 0    | 0    | 
|ship_n_laser   | PCIN>>17+A*B | 30     | 18     | -      | -      | 15     | 0    | 0    | -    | -    | -     | 0    | 0    | 
|ship_n_laser   | A*B          | 30     | 18     | -      | -      | 15     | 0    | 0    | -    | -    | -     | 0    | 0    | 
|ship_n_laser   | A*B          | 17     | 17     | -      | -      | 48     | 0    | 0    | -    | -    | -     | 0    | 0    | 
|ship_n_laser   | PCIN>>17+A*B | 30     | 18     | -      | -      | 15     | 0    | 0    | -    | -    | -     | 0    | 0    | 
|ship_n_laser   | A*B          | 30     | 18     | -      | -      | 15     | 0    | 0    | -    | -    | -     | 0    | 0    | 
|ship_n_laser   | A*B          | 17     | 17     | -      | -      | 48     | 0    | 0    | -    | -    | -     | 0    | 0    | 
|ship_n_laser   | PCIN>>17+A*B | 30     | 18     | -      | -      | 15     | 0    | 0    | -    | -    | -     | 0    | 0    | 
|ship_n_laser   | A*B          | 30     | 18     | -      | -      | 15     | 0    | 0    | -    | -    | -     | 0    | 0    | 
|ship_n_laser   | A*B          | 17     | 17     | -      | -      | 48     | 0    | 0    | -    | -    | -     | 0    | 0    | 
|ship_n_laser   | PCIN>>17+A*B | 30     | 18     | -      | -      | 15     | 0    | 0    | -    | -    | -     | 0    | 0    | 
|ship_n_laser   | A*B          | 30     | 18     | -      | -      | 15     | 0    | 0    | -    | -    | -     | 0    | 0    | 
|ship_n_laser   | A*B          | 17     | 17     | -      | -      | 48     | 0    | 0    | -    | -    | -     | 0    | 0    | 
|ship_n_laser   | PCIN>>17+A*B | 30     | 18     | -      | -      | 15     | 0    | 0    | -    | -    | -     | 0    | 0    | 
|ship_n_laser   | A*B          | 30     | 18     | -      | -      | 15     | 0    | 0    | -    | -    | -     | 0    | 0    | 
|ship_n_laser   | A*B          | 17     | 17     | -      | -      | 48     | 0    | 0    | -    | -    | -     | 0    | 0    | 
|ship_n_laser   | PCIN>>17+A*B | 30     | 18     | -      | -      | 15     | 0    | 0    | -    | -    | -     | 0    | 0    | 
+---------------+--------------+--------+--------+--------+--------+--------+------+------+------+------+-------+------+------+


Report BlackBoxes: 
+-+--------------+----------+
| |BlackBox name |Instances |
+-+--------------+----------+
+-+--------------+----------+

Report Cell Usage: 
+------+-----------+------+
|      |Cell       |Count |
+------+-----------+------+
|1     |BUFG       |     4|
|2     |CARRY4     |  1057|
|3     |DSP48E1    |    54|
|4     |LUT1       |   731|
|5     |LUT2       |  1899|
|6     |LUT3       |   552|
|7     |LUT4       |   977|
|8     |LUT5       |   398|
|9     |LUT6       |  1215|
|10    |MMCME2_ADV |     1|
|11    |MUXF7      |    10|
|12    |FDRE       |   320|
|13    |FDSE       |    17|
|14    |LD         |    23|
|15    |IBUF       |     6|
|16    |OBUF       |    29|
+------+-----------+------+
---------------------------------------------------------------------------------
Finished Writing Synthesis Report : Time (s): cpu = 00:02:50 ; elapsed = 00:02:58 . Memory (MB): peak = 1981.582 ; gain = 1420.695
---------------------------------------------------------------------------------
Synthesis finished with 0 errors, 0 critical warnings and 2 warnings.
Synthesis Optimization Runtime : Time (s): cpu = 00:02:11 ; elapsed = 00:02:55 . Memory (MB): peak = 1981.582 ; gain = 1420.695
Synthesis Optimization Complete : Time (s): cpu = 00:02:50 ; elapsed = 00:02:59 . Memory (MB): peak = 1981.582 ; gain = 1420.695
INFO: [Project 1-571] Translating synthesized netlist
Netlist sorting complete. Time (s): cpu = 00:00:00 ; elapsed = 00:00:00.082 . Memory (MB): peak = 1981.582 ; gain = 0.000
INFO: [Netlist 29-17] Analyzing 1145 Unisim elements for replacement
INFO: [Netlist 29-28] Unisim Transformation completed in 1 CPU seconds
INFO: [Project 1-570] Preparing netlist for logic optimization
INFO: [Opt 31-138] Pushed 0 inverter(s) to 0 load pin(s).
Netlist sorting complete. Time (s): cpu = 00:00:00 ; elapsed = 00:00:00.003 . Memory (MB): peak = 1981.582 ; gain = 0.000
INFO: [Project 1-111] Unisim Transformation Summary:
  A total of 23 instances were transformed.
  LD => LDCE: 23 instances

Synth Design complete | Checksum: 898e86bf
INFO: [Common 17-83] Releasing license: Synthesis
44 Infos, 8 Warnings, 0 Critical Warnings and 0 Errors encountered.
synth_design completed successfully
synth_design: Time (s): cpu = 00:02:55 ; elapsed = 00:03:07 . Memory (MB): peak = 1981.582 ; gain = 1626.926
Write ShapeDB Complete: Time (s): cpu = 00:00:00 ; elapsed = 00:00:00.040 . Memory (MB): peak = 1981.582 ; gain = 0.000
INFO: [Common 17-1381] The checkpoint 'C:/Digital Systems/Project/Vivado/finale_project_Afolabi_okereke/finale_project_Afolabi_okereke.runs/synth_1/space_invaders.dcp' has been generated.
INFO: [Vivado 12-24828] Executing command : report_utilization -file space_invaders_utilization_synth.rpt -pb space_invaders_utilization_synth.pb
INFO: [Common 17-206] Exiting Vivado at Thu Apr 24 18:14:18 2025...
